
> docs:build
> vitepress build build/.documenter


  vitepress v1.6.4

- building client + server bundles...

The language 'brm-comparison' is not loaded, falling back to 'txt' for syntax highlighting.

The language 'brm-comparison' is not loaded, falling back to 'txt' for syntax highlighting.

The language 'brm-comparison' is not loaded, falling back to 'txt' for syntax highlighting.

The language 'brm-comparison' is not loaded, falling back to 'txt' for syntax highlighting.

The language 'brm-comparison' is not loaded, falling back to 'txt' for syntax highlighting.

The language 'brm-comparison' is not loaded, falling back to 'txt' for syntax highlighting.

The language 'brm-comparison' is not loaded, falling back to 'txt' for syntax highlighting.

The language 'brm-comparison' is not loaded, falling back to 'txt' for syntax highlighting.

The language 'brm-comparison' is not loaded, falling back to 'txt' for syntax highlighting.

The language 'brm-comparison' is not loaded, falling back to 'txt' for syntax highlighting.

The language 'brm-comparison' is not loaded, falling back to 'txt' for syntax highlighting.

The language 'brm-comparison' is not loaded, falling back to 'txt' for syntax highlighting.

The language 'brm-comparison' is not loaded, falling back to 'txt' for syntax highlighting.

The language 'brm-comparison' is not loaded, falling back to 'txt' for syntax highlighting.

The language 'brm-comparison' is not loaded, falling back to 'txt' for syntax highlighting.

The language 'brm-comparison' is not loaded, falling back to 'txt' for syntax highlighting.

The language 'brm-comparison' is not loaded, falling back to 'txt' for syntax highlighting.

The language 'brm-comparison' is not loaded, falling back to 'txt' for syntax highlighting.

The language 'brm-comparison' is not loaded, falling back to 'txt' for syntax highlighting.

The language 'brm-comparison' is not loaded, falling back to 'txt' for syntax highlighting.

The language 'brm-comparison' is not loaded, falling back to 'txt' for syntax highlighting.

The language 'brm-comparison' is not loaded, falling back to 'txt' for syntax highlighting.

The language 'brm-comparison' is not loaded, falling back to 'txt' for syntax highlighting.

The language 'brm-comparison' is not loaded, falling back to 'txt' for syntax highlighting.

The language 'brm-comparison' is not loaded, falling back to 'txt' for syntax highlighting.

The language 'brm-comparison' is not loaded, falling back to 'txt' for syntax highlighting.

The language 'brm-comparison' is not loaded, falling back to 'txt' for syntax highlighting.

The language 'brm-comparison' is not loaded, falling back to 'txt' for syntax highlighting.

The language 'brm-comparison' is not loaded, falling back to 'txt' for syntax highlighting.

The language 'brm-comparison' is not loaded, falling back to 'txt' for syntax highlighting.

The language 'brm-comparison' is not loaded, falling back to 'txt' for syntax highlighting.

The language 'brm-comparison' is not loaded, falling back to 'txt' for syntax highlighting.

The language 'brm-comparison' is not loaded, falling back to 'txt' for syntax highlighting.

The language 'brm-comparison' is not loaded, falling back to 'txt' for syntax highlighting.

The language 'brm-comparison' is not loaded, falling back to 'txt' for syntax highlighting.

The language 'brm-comparison' is not loaded, falling back to 'txt' for syntax highlighting.

The language 'brm-comparison' is not loaded, falling back to 'txt' for syntax highlighting.

The language 'brm-comparison' is not loaded, falling back to 'txt' for syntax highlighting.

The language 'brm-comparison' is not loaded, falling back to 'txt' for syntax highlighting.

The language 'brm-comparison' is not loaded, falling back to 'txt' for syntax highlighting.

The language 'brm-comparison' is not loaded, falling back to 'txt' for syntax highlighting.

The language 'brm-comparison' is not loaded, falling back to 'txt' for syntax highlighting.

The language 'brm-comparison' is not loaded, falling back to 'txt' for syntax highlighting.

The language 'brm-comparison' is not loaded, falling back to 'txt' for syntax highlighting.

The language 'brm-comparison' is not loaded, falling back to 'txt' for syntax highlighting.

The language 'brm-comparison' is not loaded, falling back to 'txt' for syntax highlighting.

The language 'brm-comparison' is not loaded, falling back to 'txt' for syntax highlighting.

The language 'brm-comparison' is not loaded, falling back to 'txt' for syntax highlighting.

The language 'brm-comparison' is not loaded, falling back to 'txt' for syntax highlighting.

The language 'brm-comparison' is not loaded, falling back to 'txt' for syntax highlighting.

The language 'brm-comparison' is not loaded, falling back to 'txt' for syntax highlighting.

The language 'brm-comparison' is not loaded, falling back to 'txt' for syntax highlighting.

The language 'brm-comparison' is not loaded, falling back to 'txt' for syntax highlighting.

The language 'brm-comparison' is not loaded, falling back to 'txt' for syntax highlighting.

The language 'brm-comparison' is not loaded, falling back to 'txt' for syntax highlighting.

The language 'brm-comparison' is not loaded, falling back to 'txt' for syntax highlighting.

The language 'brm-comparison' is not loaded, falling back to 'txt' for syntax highlighting.

The language 'brm-comparison' is not loaded, falling back to 'txt' for syntax highlighting.

The language 'brm-comparison' is not loaded, falling back to 'txt' for syntax highlighting.

The language 'brm-comparison' is not loaded, falling back to 'txt' for syntax highlighting.

The language 'brm-comparison' is not loaded, falling back to 'txt' for syntax highlighting.

The language 'brm-comparison' is not loaded, falling back to 'txt' for syntax highlighting.

The language 'brm-comparison' is not loaded, falling back to 'txt' for syntax highlighting.

The language 'brm-comparison' is not loaded, falling back to 'txt' for syntax highlighting.

The language 'brm-comparison' is not loaded, falling back to 'txt' for syntax highlighting.

The language 'brm-comparison' is not loaded, falling back to 'txt' for syntax highlighting.

The language 'brm-comparison' is not loaded, falling back to 'txt' for syntax highlighting.

The language 'brm-comparison' is not loaded, falling back to 'txt' for syntax highlighting.

The language 'brm-comparison' is not loaded, falling back to 'txt' for syntax highlighting.

The language 'brm-comparison' is not loaded, falling back to 'txt' for syntax highlighting.

The language 'brm-comparison' is not loaded, falling back to 'txt' for syntax highlighting.

The language 'brm-comparison' is not loaded, falling back to 'txt' for syntax highlighting.

The language 'brm-comparison' is not loaded, falling back to 'txt' for syntax highlighting.

The language 'brm-comparison' is not loaded, falling back to 'txt' for syntax highlighting.

The language 'brm-comparison' is not loaded, falling back to 'txt' for syntax highlighting.

The language 'brm-comparison' is not loaded, falling back to 'txt' for syntax highlighting.

The language 'brm-comparison' is not loaded, falling back to 'txt' for syntax highlighting.

The language 'brm-comparison' is not loaded, falling back to 'txt' for syntax highlighting.

The language 'brm-comparison' is not loaded, falling back to 'txt' for syntax highlighting.

The language 'brm-comparison' is not loaded, falling back to 'txt' for syntax highlighting.

The language 'brm-comparison' is not loaded, falling back to 'txt' for syntax highlighting.

The language 'brm-comparison' is not loaded, falling back to 'txt' for syntax highlighting.

The language 'brm-comparison' is not loaded, falling back to 'txt' for syntax highlighting.

The language 'brm-comparison' is not loaded, falling back to 'txt' for syntax highlighting.

The language 'brm-comparison' is not loaded, falling back to 'txt' for syntax highlighting.

The language 'brm-comparison' is not loaded, falling back to 'txt' for syntax highlighting.

The language 'brm-comparison' is not loaded, falling back to 'txt' for syntax highlighting.

The language 'brm-comparison' is not loaded, falling back to 'txt' for syntax highlighting.

The language 'brm-comparison' is not loaded, falling back to 'txt' for syntax highlighting.

The language 'brm-comparison' is not loaded, falling back to 'txt' for syntax highlighting.

The language 'brm-comparison' is not loaded, falling back to 'txt' for syntax highlighting.

The language 'brm-comparison' is not loaded, falling back to 'txt' for syntax highlighting.

The language 'brm-comparison' is not loaded, falling back to 'txt' for syntax highlighting.

The language 'brm-comparison' is not loaded, falling back to 'txt' for syntax highlighting.

The language 'brm-comparison' is not loaded, falling back to 'txt' for syntax highlighting.

The language 'brm-comparison' is not loaded, falling back to 'txt' for syntax highlighting.

The language 'brm-comparison' is not loaded, falling back to 'txt' for syntax highlighting.

The language 'brm-comparison' is not loaded, falling back to 'txt' for syntax highlighting.

The language 'brm-comparison' is not loaded, falling back to 'txt' for syntax highlighting.

The language 'brm-comparison' is not loaded, falling back to 'txt' for syntax highlighting.

The language 'brm-comparison' is not loaded, falling back to 'txt' for syntax highlighting.

The language 'brm-comparison' is not loaded, falling back to 'txt' for syntax highlighting.

The language 'brm-comparison' is not loaded, falling back to 'txt' for syntax highlighting.

The language 'brm-comparison' is not loaded, falling back to 'txt' for syntax highlighting.

The language 'brm-comparison' is not loaded, falling back to 'txt' for syntax highlighting.

The language 'brm-comparison' is not loaded, falling back to 'txt' for syntax highlighting.

The language 'brm-comparison' is not loaded, falling back to 'txt' for syntax highlighting.

The language 'brm-comparison' is not loaded, falling back to 'txt' for syntax highlighting.

The language 'brm-comparison' is not loaded, falling back to 'txt' for syntax highlighting.

The language 'brm-comparison' is not loaded, falling back to 'txt' for syntax highlighting.

The language 'brm-comparison' is not loaded, falling back to 'txt' for syntax highlighting.

The language 'brm-comparison' is not loaded, falling back to 'txt' for syntax highlighting.

The language 'brm-comparison' is not loaded, falling back to 'txt' for syntax highlighting.

The language 'brm-comparison' is not loaded, falling back to 'txt' for syntax highlighting.

The language 'brm-comparison' is not loaded, falling back to 'txt' for syntax highlighting.

The language 'brm-comparison' is not loaded, falling back to 'txt' for syntax highlighting.

The language 'brm-comparison' is not loaded, falling back to 'txt' for syntax highlighting.

The language 'brm-comparison' is not loaded, falling back to 'txt' for syntax highlighting.

(!) Some chunks are larger than 500 kB after minification. Consider:
- Using dynamic import() to code-split the application
- Use build.rollupOptions.output.manualChunks to improve chunking: https://rollupjs.org/configuration-options/#output-manualchunks
- Adjust chunk size limit for this warning via build.chunkSizeWarningLimit.

The language 'brm-comparison' is not loaded, falling back to 'txt' for syntax highlighting.

The language 'brm-comparison' is not loaded, falling back to 'txt' for syntax highlighting.

The language 'brm-comparison' is not loaded, falling back to 'txt' for syntax highlighting.

The language 'brm-comparison' is not loaded, falling back to 'txt' for syntax highlighting.

The language 'brm-comparison' is not loaded, falling back to 'txt' for syntax highlighting.

The language 'brm-comparison' is not loaded, falling back to 'txt' for syntax highlighting.

The language 'brm-comparison' is not loaded, falling back to 'txt' for syntax highlighting.

The language 'brm-comparison' is not loaded, falling back to 'txt' for syntax highlighting.

The language 'brm-comparison' is not loaded, falling back to 'txt' for syntax highlighting.

The language 'brm-comparison' is not loaded, falling back to 'txt' for syntax highlighting.

The language 'brm-comparison' is not loaded, falling back to 'txt' for syntax highlighting.

The language 'brm-comparison' is not loaded, falling back to 'txt' for syntax highlighting.

The language 'brm-comparison' is not loaded, falling back to 'txt' for syntax highlighting.

The language 'brm-comparison' is not loaded, falling back to 'txt' for syntax highlighting.

The language 'brm-comparison' is not loaded, falling back to 'txt' for syntax highlighting.

The language 'brm-comparison' is not loaded, falling back to 'txt' for syntax highlighting.

The language 'brm-comparison' is not loaded, falling back to 'txt' for syntax highlighting.

The language 'brm-comparison' is not loaded, falling back to 'txt' for syntax highlighting.

The language 'brm-comparison' is not loaded, falling back to 'txt' for syntax highlighting.

The language 'brm-comparison' is not loaded, falling back to 'txt' for syntax highlighting.

The language 'brm-comparison' is not loaded, falling back to 'txt' for syntax highlighting.

The language 'brm-comparison' is not loaded, falling back to 'txt' for syntax highlighting.

The language 'brm-comparison' is not loaded, falling back to 'txt' for syntax highlighting.

The language 'brm-comparison' is not loaded, falling back to 'txt' for syntax highlighting.

The language 'brm-comparison' is not loaded, falling back to 'txt' for syntax highlighting.

The language 'brm-comparison' is not loaded, falling back to 'txt' for syntax highlighting.

The language 'brm-comparison' is not loaded, falling back to 'txt' for syntax highlighting.

The language 'brm-comparison' is not loaded, falling back to 'txt' for syntax highlighting.

The language 'brm-comparison' is not loaded, falling back to 'txt' for syntax highlighting.

The language 'brm-comparison' is not loaded, falling back to 'txt' for syntax highlighting.

The language 'brm-comparison' is not loaded, falling back to 'txt' for syntax highlighting.

The language 'brm-comparison' is not loaded, falling back to 'txt' for syntax highlighting.

The language 'brm-comparison' is not loaded, falling back to 'txt' for syntax highlighting.

The language 'brm-comparison' is not loaded, falling back to 'txt' for syntax highlighting.

The language 'brm-comparison' is not loaded, falling back to 'txt' for syntax highlighting.

The language 'brm-comparison' is not loaded, falling back to 'txt' for syntax highlighting.

The language 'brm-comparison' is not loaded, falling back to 'txt' for syntax highlighting.

The language 'brm-comparison' is not loaded, falling back to 'txt' for syntax highlighting.

The language 'brm-comparison' is not loaded, falling back to 'txt' for syntax highlighting.

The language 'brm-comparison' is not loaded, falling back to 'txt' for syntax highlighting.

The language 'brm-comparison' is not loaded, falling back to 'txt' for syntax highlighting.

The language 'brm-comparison' is not loaded, falling back to 'txt' for syntax highlighting.

The language 'brm-comparison' is not loaded, falling back to 'txt' for syntax highlighting.

The language 'brm-comparison' is not loaded, falling back to 'txt' for syntax highlighting.

The language 'brm-comparison' is not loaded, falling back to 'txt' for syntax highlighting.

The language 'brm-comparison' is not loaded, falling back to 'txt' for syntax highlighting.

The language 'brm-comparison' is not loaded, falling back to 'txt' for syntax highlighting.

The language 'brm-comparison' is not loaded, falling back to 'txt' for syntax highlighting.

The language 'brm-comparison' is not loaded, falling back to 'txt' for syntax highlighting.

The language 'brm-comparison' is not loaded, falling back to 'txt' for syntax highlighting.

The language 'brm-comparison' is not loaded, falling back to 'txt' for syntax highlighting.

The language 'brm-comparison' is not loaded, falling back to 'txt' for syntax highlighting.

The language 'brm-comparison' is not loaded, falling back to 'txt' for syntax highlighting.

The language 'brm-comparison' is not loaded, falling back to 'txt' for syntax highlighting.

The language 'brm-comparison' is not loaded, falling back to 'txt' for syntax highlighting.

The language 'brm-comparison' is not loaded, falling back to 'txt' for syntax highlighting.

The language 'brm-comparison' is not loaded, falling back to 'txt' for syntax highlighting.

The language 'brm-comparison' is not loaded, falling back to 'txt' for syntax highlighting.

The language 'brm-comparison' is not loaded, falling back to 'txt' for syntax highlighting.
[32m✓[0m building client + server bundles...
- rendering pages...
[32m✓[0m rendering pages...
build complete in 12.72s.
[kb-run-compact] exit=0 elapsed=14s log=/home/n/scratch/kb-agent-tmp/BayesianRegressionModels-docs-adaptive-centering/kb-run-compact.vtPzRt
