┌ Warning: Pathfinder failed after 1 tries. Increase `ntries`, inspect the model for numerical instability, or provide a more suitable `init_sampler`.
└ @ Pathfinder ~/.julia/packages/Pathfinder/4L3jq/src/singlepath.jl:213
┌ Warning: Initialization failed the 1-th time, trying again...
└ @ WarmupHMC ~/scratch/kb-agent-tmp/BayesianRegressionModels-docs-adaptive-centering/warmuphmc-online-state-fix/src/adaptive_warmup_mcmc.jl:23
┌ Warning: Initialization failed the 2-th time, trying again...
└ @ WarmupHMC ~/scratch/kb-agent-tmp/BayesianRegressionModels-docs-adaptive-centering/warmuphmc-online-state-fix/src/adaptive_warmup_mcmc.jl:23
┌ Warning: Pathfinder failed after 1 tries. Increase `ntries`, inspect the model for numerical instability, or provide a more suitable `init_sampler`.
└ @ Pathfinder ~/.julia/packages/Pathfinder/4L3jq/src/singlepath.jl:213
┌ Warning: Initialization failed the 3-th time, trying again...
└ @ WarmupHMC ~/scratch/kb-agent-tmp/BayesianRegressionModels-docs-adaptive-centering/warmuphmc-online-state-fix/src/adaptive_warmup_mcmc.jl:23
┌ Warning: Pathfinder failed after 1 tries. Increase `ntries`, inspect the model for numerical instability, or provide a more suitable `init_sampler`.
└ @ Pathfinder ~/.julia/packages/Pathfinder/4L3jq/src/singlepath.jl:213
┌ Warning: Initialization failed the 4-th time, trying again...
└ @ WarmupHMC ~/scratch/kb-agent-tmp/BayesianRegressionModels-docs-adaptive-centering/warmuphmc-online-state-fix/src/adaptive_warmup_mcmc.jl:23
BOUNDARY	hsgp	posthoc_position	init	window=0	all_gradients=129
BOUNDARY	hsgp	posthoc_position	window	window=1	all_gradients=1154
BOUNDARY	hsgp	posthoc_position	window	window=2	all_gradients=3276
BOUNDARY	hsgp	posthoc_position	window	window=3	all_gradients=7327
BOUNDARY	hsgp	posthoc_position	window	window=4	all_gradients=15356
BOUNDARY	hsgp	posthoc_position	window	window=5	all_gradients=31373
BOUNDARY	hsgp	posthoc_position	window	window=6	all_gradients=63420
BOUNDARY	hsgp	posthoc_position	window	window=7	all_gradients=127455
BOUNDARY	hsgp	posthoc_position	window	window=8	all_gradients=255468
BOUNDARY	hsgp	posthoc_position	window	window=9	all_gradients=474843
CASE_ARM_COMPLETE	(case = "hsgp", arm = "posthoc_position", qois = 192, draws = 10000, min_bulk_ess = 2784.4308139561454, limiting_qoi = "hsgp_x_rho_iso", min_tail_ess = 2090.465670325864, max_split_rhat = 1.0010875572679656, divergences = 55, sampling_gradients = 468959, all_fit_gradients = 474843, pilot_gradients = 4648422, total_gradients = 5123265, sampling_efficiency = 0.00593747174903594, total_efficiency = 0.000543487563878922)
┌ Warning: Initialization failed the 1-th time, trying again...
└ @ WarmupHMC ~/scratch/kb-agent-tmp/BayesianRegressionModels-docs-adaptive-centering/warmuphmc-online-state-fix/src/adaptive_warmup_mcmc.jl:23
┌ Warning: Initialization failed the 2-th time, trying again...
└ @ WarmupHMC ~/scratch/kb-agent-tmp/BayesianRegressionModels-docs-adaptive-centering/warmuphmc-online-state-fix/src/adaptive_warmup_mcmc.jl:23
┌ Warning: Pathfinder failed after 1 tries. Increase `ntries`, inspect the model for numerical instability, or provide a more suitable `init_sampler`.
└ @ Pathfinder ~/.julia/packages/Pathfinder/4L3jq/src/singlepath.jl:213
┌ Warning: 1 (50.0%) updates to the inverse Hessian estimate were rejected to keep it positive definite.
└ @ Pathfinder ~/.julia/packages/Pathfinder/4L3jq/src/singlepath.jl:221
┌ Warning: Initialization failed the 3-th time, trying again...
└ @ WarmupHMC ~/scratch/kb-agent-tmp/BayesianRegressionModels-docs-adaptive-centering/warmuphmc-online-state-fix/src/adaptive_warmup_mcmc.jl:23
BOUNDARY	hsgp	posthoc_gradient	init	window=0	all_gradients=135
BOUNDARY	hsgp	posthoc_gradient	window	window=1	all_gradients=1875
BOUNDARY	hsgp	posthoc_gradient	window	window=2	all_gradients=4244
BOUNDARY	hsgp	posthoc_gradient	window	window=3	all_gradients=8465
BOUNDARY	hsgp	posthoc_gradient	window	window=4	all_gradients=16473
BOUNDARY	hsgp	posthoc_gradient	window	window=5	all_gradients=32496
BOUNDARY	hsgp	posthoc_gradient	window	window=6	all_gradients=64574
BOUNDARY	hsgp	posthoc_gradient	window	window=7	all_gradients=128577
BOUNDARY	hsgp	posthoc_gradient	window	window=8	all_gradients=256636
BOUNDARY	hsgp	posthoc_gradient	window	window=9	all_gradients=486242
CASE_ARM_COMPLETE	(case = "hsgp", arm = "posthoc_gradient", qois = 192, draws = 10000, min_bulk_ess = 3110.0903283401835, limiting_qoi = "sigma(time=57.6)", min_tail_ess = 3747.898148790783, max_split_rhat = 1.0010708957544878, divergences = 43, sampling_gradients = 475461, all_fit_gradients = 486242, pilot_gradients = 4648422, total_gradients = 5134664, sampling_efficiency = 0.006541210169372848, total_efficiency = 0.000605704741019117)
BOUNDARY	hsgp	online_position	init	window=0	all_gradients=120
BOUNDARY	hsgp	online_position	window	window=1	all_gradients=1172
BOUNDARY	hsgp	online_position	window	window=2	all_gradients=3294
BOUNDARY	hsgp	online_position	window	window=3	all_gradients=7332
BOUNDARY	hsgp	online_position	window	window=4	all_gradients=15583
BOUNDARY	hsgp	online_position	window	window=5	all_gradients=31761
BOUNDARY	hsgp	online_position	window	window=6	all_gradients=63785
BOUNDARY	hsgp	online_position	window	window=7	all_gradients=127808
BOUNDARY	hsgp	online_position	window	window=8	all_gradients=255808
BOUNDARY	hsgp	online_position	window	window=9	all_gradients=511895
BOUNDARY	hsgp	online_position	window	window=10	all_gradients=1023925
BOUNDARY	hsgp	online_position	window	window=11	all_gradients=2048154
BOUNDARY	hsgp	online_position	window	window=12	all_gradients=2263320
CASE_ARM_COMPLETE	(case = "hsgp", arm = "online_position", qois = 192, draws = 10000, min_bulk_ess = 4516.948548053981, limiting_qoi = "hsgp_x_rho_iso", min_tail_ess = 4489.270979878141, max_split_rhat = 1.0009753829153536, divergences = 6, sampling_gradients = 2235380, all_fit_gradients = 2263320, pilot_gradients = 0, total_gradients = 2263320, sampling_efficiency = 0.0020206625039384716, total_efficiency = 0.00199571803724351)
BOUNDARY	hsgp	online_gradient	init	window=0	all_gradients=120
BOUNDARY	hsgp	online_gradient	window	window=1	all_gradients=1172
BOUNDARY	hsgp	online_gradient	window	window=2	all_gradients=3180
BOUNDARY	hsgp	online_gradient	window	window=3	all_gradients=7192
BOUNDARY	hsgp	online_gradient	window	window=4	all_gradients=15250
ERROR: LoadError: DynamicHMC error: DynamicHMC.DynamicHMCError("Position vector has non-finite elements.", (q = [-1.648416439817879, 0.16043102153081973, -0.5632739992235366, -0.1634862743966172, 0.06775463059929633, 1.0925825594962981, 0.20393842155190753, -0.26068318143065133, -0.24270576760017928, 0.4022728222073965  …  -0.6435741238601822, -1.4278663067068433, 0.9828613889326139, 1.7699300805220752, 0.08110287467796064, 0.6883620713345703, 1.1376167056507513, 0.9358789936134141, NaN, -0.12408009801959043],))
  q = [-1.648416439817879, 0.16043102153081973, -0.5632739992235366, -0.1634862743966172, 0.06775463059929633, 1.0925825594962981, 0.20393842155190753, -0.26068318143065133, -0.24270576760017928, 0.4022728222073965  …  -0.6435741238601822, -1.4278663067068433, 0.9828613889326139, 1.7699300805220752, 0.08110287467796064, 0.6883620713345703, 1.1376167056507513, 0.9358789936134141, NaN, -0.12408009801959043]
Stacktrace:
  [1] _error(message::String; kwargs::@Kwargs{q::Vector{Float64}})
    @ DynamicHMC ~/.julia/packages/DynamicHMC/1t59O/src/utilities.jl:27
  [2] evaluate_ℓ(ℓ::WarmupHMC.RecordingPosterior2{ReparametrizedProblem{IndexedReparametrization{Vector{Pair{Int64, Reparametrization{PartiallyCentered{Float64}, PartiallyCentered{Float64}, Tuple{BayesianRegressionModelsWarmupHMCExt.BRMHSGPAdaptiveCenteringArgument{:location}, BayesianRegressionModelsWarmupHMCExt.BRMHSGPAdaptiveCenteringArgument{:log_scale}}}}}}, CountedDensity{StanLogDensityProblems.StanProblem{StanModel, true, @NamedTuple{}}}, ADTypes.AutoEnzyme{EnzymeCore.ReverseMode{false, true, false, EnzymeCore.FFIABI, false, false}, EnzymeCore.Const}, CandidateScoringPlan{BayesianRegressionModelsWarmupHMCExt.var"#14#16"{BayesianRegressionModelsWarmupHMCExt.BRMHSGPAdaptiveCenteringState}, typeof(BayesianRegressionModelsWarmupHMCExt._score_candidate), BayesianRegressionModelsWarmupHMCExt.var"#15#17"{BayesianRegressionModelsWarmupHMCExt.BRMHSGPAdaptiveCenteringState}}}, Float64, WarmupHMC.NUTSLeaves{Float64}, WarmupHMC.LimitedRecorder2, Xoshiro}, q::Vector{Float64}; strict::Bool)
    @ DynamicHMC ~/.julia/packages/DynamicHMC/1t59O/src/hamiltonian.jl:203
  [3] evaluate_ℓ
    @ ~/.julia/packages/DynamicHMC/1t59O/src/hamiltonian.jl:202 [inlined]
  [4] leapfrog(H::DynamicHMC.Hamiltonian{DynamicHMC.GaussianKineticEnergy{WarmupHMC.MatrixFactorization{Float64, Diagonal{Float64, Vector{Float64}}, Diagonal{Float64, Vector{Float64}}}, WarmupHMC.MatrixInverse{Float64, Diagonal{Float64, Vector{Float64}}}}, WarmupHMC.RecordingPosterior2{ReparametrizedProblem{IndexedReparametrization{Vector{Pair{Int64, Reparametrization{PartiallyCentered{Float64}, PartiallyCentered{Float64}, Tuple{BayesianRegressionModelsWarmupHMCExt.BRMHSGPAdaptiveCenteringArgument{:location}, BayesianRegressionModelsWarmupHMCExt.BRMHSGPAdaptiveCenteringArgument{:log_scale}}}}}}, CountedDensity{StanLogDensityProblems.StanProblem{StanModel, true, @NamedTuple{}}}, ADTypes.AutoEnzyme{EnzymeCore.ReverseMode{false, true, false, EnzymeCore.FFIABI, false, false}, EnzymeCore.Const}, CandidateScoringPlan{BayesianRegressionModelsWarmupHMCExt.var"#14#16"{BayesianRegressionModelsWarmupHMCExt.BRMHSGPAdaptiveCenteringState}, typeof(BayesianRegressionModelsWarmupHMCExt._score_candidate), BayesianRegressionModelsWarmupHMCExt.var"#15#17"{BayesianRegressionModelsWarmupHMCExt.BRMHSGPAdaptiveCenteringState}}}, Float64, WarmupHMC.NUTSLeaves{Float64}, WarmupHMC.LimitedRecorder2, Xoshiro}}, z::DynamicHMC.PhasePoint{DynamicHMC.EvaluatedLogDensity{Vector{Float64}, Float64}, Vector{Float64}}, ϵ::Float64)
    @ DynamicHMC ~/.julia/packages/DynamicHMC/1t59O/src/hamiltonian.jl:279
  [5] move
    @ ~/.julia/packages/DynamicHMC/1t59O/src/NUTS.jl:30 [inlined]
  [6] adjacent_tree(rng::Xoshiro, trajectory::DynamicHMC.TrajectoryNUTS{DynamicHMC.Hamiltonian{DynamicHMC.GaussianKineticEnergy{WarmupHMC.MatrixFactorization{Float64, Diagonal{Float64, Vector{Float64}}, Diagonal{Float64, Vector{Float64}}}, WarmupHMC.MatrixInverse{Float64, Diagonal{Float64, Vector{Float64}}}}, WarmupHMC.RecordingPosterior2{ReparametrizedProblem{IndexedReparametrization{Vector{Pair{Int64, Reparametrization{PartiallyCentered{Float64}, PartiallyCentered{Float64}, Tuple{BayesianRegressionModelsWarmupHMCExt.BRMHSGPAdaptiveCenteringArgument{:location}, BayesianRegressionModelsWarmupHMCExt.BRMHSGPAdaptiveCenteringArgument{:log_scale}}}}}}, CountedDensity{StanLogDensityProblems.StanProblem{StanModel, true, @NamedTuple{}}}, ADTypes.AutoEnzyme{EnzymeCore.ReverseMode{false, true, false, EnzymeCore.FFIABI, false, false}, EnzymeCore.Const}, CandidateScoringPlan{BayesianRegressionModelsWarmupHMCExt.var"#14#16"{BayesianRegressionModelsWarmupHMCExt.BRMHSGPAdaptiveCenteringState}, typeof(BayesianRegressionModelsWarmupHMCExt._score_candidate), BayesianRegressionModelsWarmupHMCExt.var"#15#17"{BayesianRegressionModelsWarmupHMCExt.BRMHSGPAdaptiveCenteringState}}}, Float64, WarmupHMC.NUTSLeaves{Float64}, WarmupHMC.LimitedRecorder2, Xoshiro}}, Float64, Val{:generalized}}, z::DynamicHMC.PhasePoint{DynamicHMC.EvaluatedLogDensity{Vector{Float64}, Float64}, Vector{Float64}}, i::Int64, depth::Int64, is_forward::Bool)
    @ DynamicHMC ~/.julia/packages/DynamicHMC/1t59O/src/trees.jl:234
  [7] sample_trajectory(rng::Xoshiro, trajectory::DynamicHMC.TrajectoryNUTS{DynamicHMC.Hamiltonian{DynamicHMC.GaussianKineticEnergy{WarmupHMC.MatrixFactorization{Float64, Diagonal{Float64, Vector{Float64}}, Diagonal{Float64, Vector{Float64}}}, WarmupHMC.MatrixInverse{Float64, Diagonal{Float64, Vector{Float64}}}}, WarmupHMC.RecordingPosterior2{ReparametrizedProblem{IndexedReparametrization{Vector{Pair{Int64, Reparametrization{PartiallyCentered{Float64}, PartiallyCentered{Float64}, Tuple{BayesianRegressionModelsWarmupHMCExt.BRMHSGPAdaptiveCenteringArgument{:location}, BayesianRegressionModelsWarmupHMCExt.BRMHSGPAdaptiveCenteringArgument{:log_scale}}}}}}, CountedDensity{StanLogDensityProblems.StanProblem{StanModel, true, @NamedTuple{}}}, ADTypes.AutoEnzyme{EnzymeCore.ReverseMode{false, true, false, EnzymeCore.FFIABI, false, false}, EnzymeCore.Const}, CandidateScoringPlan{BayesianRegressionModelsWarmupHMCExt.var"#14#16"{BayesianRegressionModelsWarmupHMCExt.BRMHSGPAdaptiveCenteringState}, typeof(BayesianRegressionModelsWarmupHMCExt._score_candidate), BayesianRegressionModelsWarmupHMCExt.var"#15#17"{BayesianRegressionModelsWarmupHMCExt.BRMHSGPAdaptiveCenteringState}}}, Float64, WarmupHMC.NUTSLeaves{Float64}, WarmupHMC.LimitedRecorder2, Xoshiro}}, Float64, Val{:generalized}}, z::DynamicHMC.PhasePoint{DynamicHMC.EvaluatedLogDensity{Vector{Float64}, Float64}, Vector{Float64}}, max_depth::Int64, directions::DynamicHMC.Directions)
    @ DynamicHMC ~/.julia/packages/DynamicHMC/1t59O/src/trees.jl:292
  [8] sample_tree(rng::Xoshiro, algorithm::DynamicHMC.NUTS{Val{:generalized}}, H::DynamicHMC.Hamiltonian{DynamicHMC.GaussianKineticEnergy{WarmupHMC.MatrixFactorization{Float64, Diagonal{Float64, Vector{Float64}}, Diagonal{Float64, Vector{Float64}}}, WarmupHMC.MatrixInverse{Float64, Diagonal{Float64, Vector{Float64}}}}, WarmupHMC.RecordingPosterior2{ReparametrizedProblem{IndexedReparametrization{Vector{Pair{Int64, Reparametrization{PartiallyCentered{Float64}, PartiallyCentered{Float64}, Tuple{BayesianRegressionModelsWarmupHMCExt.BRMHSGPAdaptiveCenteringArgument{:location}, BayesianRegressionModelsWarmupHMCExt.BRMHSGPAdaptiveCenteringArgument{:log_scale}}}}}}, CountedDensity{StanLogDensityProblems.StanProblem{StanModel, true, @NamedTuple{}}}, ADTypes.AutoEnzyme{EnzymeCore.ReverseMode{false, true, false, EnzymeCore.FFIABI, false, false}, EnzymeCore.Const}, CandidateScoringPlan{BayesianRegressionModelsWarmupHMCExt.var"#14#16"{BayesianRegressionModelsWarmupHMCExt.BRMHSGPAdaptiveCenteringState}, typeof(BayesianRegressionModelsWarmupHMCExt._score_candidate), BayesianRegressionModelsWarmupHMCExt.var"#15#17"{BayesianRegressionModelsWarmupHMCExt.BRMHSGPAdaptiveCenteringState}}}, Float64, WarmupHMC.NUTSLeaves{Float64}, WarmupHMC.LimitedRecorder2, Xoshiro}}, Q::DynamicHMC.EvaluatedLogDensity{Vector{Float64}, Float64}, ϵ::Float64; p::Vector{Float64}, directions::DynamicHMC.Directions)
    @ DynamicHMC ~/.julia/packages/DynamicHMC/1t59O/src/NUTS.jl:237
  [9] sample_tree(rng::Xoshiro, algorithm::DynamicHMC.NUTS{Val{:generalized}}, H::DynamicHMC.Hamiltonian{DynamicHMC.GaussianKineticEnergy{WarmupHMC.MatrixFactorization{Float64, Diagonal{Float64, Vector{Float64}}, Diagonal{Float64, Vector{Float64}}}, WarmupHMC.MatrixInverse{Float64, Diagonal{Float64, Vector{Float64}}}}, WarmupHMC.RecordingPosterior2{ReparametrizedProblem{IndexedReparametrization{Vector{Pair{Int64, Reparametrization{PartiallyCentered{Float64}, PartiallyCentered{Float64}, Tuple{BayesianRegressionModelsWarmupHMCExt.BRMHSGPAdaptiveCenteringArgument{:location}, BayesianRegressionModelsWarmupHMCExt.BRMHSGPAdaptiveCenteringArgument{:log_scale}}}}}}, CountedDensity{StanLogDensityProblems.StanProblem{StanModel, true, @NamedTuple{}}}, ADTypes.AutoEnzyme{EnzymeCore.ReverseMode{false, true, false, EnzymeCore.FFIABI, false, false}, EnzymeCore.Const}, CandidateScoringPlan{BayesianRegressionModelsWarmupHMCExt.var"#14#16"{BayesianRegressionModelsWarmupHMCExt.BRMHSGPAdaptiveCenteringState}, typeof(BayesianRegressionModelsWarmupHMCExt._score_candidate), BayesianRegressionModelsWarmupHMCExt.var"#15#17"{BayesianRegressionModelsWarmupHMCExt.BRMHSGPAdaptiveCenteringState}}}, Float64, WarmupHMC.NUTSLeaves{Float64}, WarmupHMC.LimitedRecorder2, Xoshiro}}, Q::DynamicHMC.EvaluatedLogDensity{Vector{Float64}, Float64}, ϵ::Float64)
    @ DynamicHMC ~/.julia/packages/DynamicHMC/1t59O/src/NUTS.jl:232
 [10] run_outer_iteration!(state::WarmupHMC.AWMState{ReparametrizedProblem{IndexedReparametrization{Vector{Pair{Int64, Reparametrization{PartiallyCentered{Float64}, PartiallyCentered{Float64}, Tuple{BayesianRegressionModelsWarmupHMCExt.BRMHSGPAdaptiveCenteringArgument{:location}, BayesianRegressionModelsWarmupHMCExt.BRMHSGPAdaptiveCenteringArgument{:log_scale}}}}}}, CountedDensity{StanLogDensityProblems.StanProblem{StanModel, true, @NamedTuple{}}}, ADTypes.AutoEnzyme{EnzymeCore.ReverseMode{false, true, false, EnzymeCore.FFIABI, false, false}, EnzymeCore.Const}, CandidateScoringPlan{BayesianRegressionModelsWarmupHMCExt.var"#14#16"{BayesianRegressionModelsWarmupHMCExt.BRMHSGPAdaptiveCenteringState}, typeof(BayesianRegressionModelsWarmupHMCExt._score_candidate), BayesianRegressionModelsWarmupHMCExt.var"#15#17"{BayesianRegressionModelsWarmupHMCExt.BRMHSGPAdaptiveCenteringState}}}, @NamedTuple{}, DynamicHMC.NUTS{Val{:generalized}}, DynamicHMC.DualAveraging{Float64}, Nothing, Xoshiro, WarmupHMC.RecordingPosterior2{ReparametrizedProblem{IndexedReparametrization{Vector{Pair{Int64, Reparametrization{PartiallyCentered{Float64}, PartiallyCentered{Float64}, Tuple{BayesianRegressionModelsWarmupHMCExt.BRMHSGPAdaptiveCenteringArgument{:location}, BayesianRegressionModelsWarmupHMCExt.BRMHSGPAdaptiveCenteringArgument{:log_scale}}}}}}, CountedDensity{StanLogDensityProblems.StanProblem{StanModel, true, @NamedTuple{}}}, ADTypes.AutoEnzyme{EnzymeCore.ReverseMode{false, true, false, EnzymeCore.FFIABI, false, false}, EnzymeCore.Const}, CandidateScoringPlan{BayesianRegressionModelsWarmupHMCExt.var"#14#16"{BayesianRegressionModelsWarmupHMCExt.BRMHSGPAdaptiveCenteringState}, typeof(BayesianRegressionModelsWarmupHMCExt._score_candidate), BayesianRegressionModelsWarmupHMCExt.var"#15#17"{BayesianRegressionModelsWarmupHMCExt.BRMHSGPAdaptiveCenteringState}}}, Float64, WarmupHMC.NUTSLeaves{Float64}, WarmupHMC.LimitedRecorder2, Xoshiro}, WarmupHMC.NonlinearRecorder{WarmupHMC.OnlineReparametrizer{Vector{Pair{Int64, WarmupHMC.OnlineReparametrizer{Vector{Pair{PartiallyCentered{Float64}, WarmupHMC.WeightedReparametrizationLoss}}}}}}, Float64}, @NamedTuple{diagonal::Diagonal{Float64, Vector{Float64}}, pathfinder::WarmupHMC.MatrixFactorization{Float64, LowerTriangular{Float64, Matrix{Float64}}, Diagonal{Float64, Vector{Float64}}}, adaptive::WarmupHMC.MatrixFactorization{Float64, WarmupHMC.SuccessiveReflections{Float64, Int64}, Diagonal{Float64, Vector{Float64}}}}, @NamedTuple{diagonal::DynamicHMC.GaussianKineticEnergy{WarmupHMC.MatrixFactorization{Float64, Diagonal{Float64, Vector{Float64}}, Diagonal{Float64, Vector{Float64}}}, WarmupHMC.MatrixInverse{Float64, Diagonal{Float64, Vector{Float64}}}}, pathfinder::DynamicHMC.GaussianKineticEnergy{WarmupHMC.MatrixFactorization{Float64, WarmupHMC.MatrixFactorization{Float64, LowerTriangular{Float64, Matrix{Float64}}, Diagonal{Float64, Vector{Float64}}}, WarmupHMC.MatrixFactorization{Float64, Diagonal{Float64, Vector{Float64}}, UpperTriangular{Float64, Adjoint{Float64, Matrix{Float64}}}}}, WarmupHMC.MatrixFactorization{Float64, WarmupHMC.MatrixInverse{Float64, UpperTriangular{Float64, Adjoint{Float64, Matrix{Float64}}}}, WarmupHMC.MatrixInverse{Float64, Diagonal{Float64, Vector{Float64}}}}}, adaptive::DynamicHMC.GaussianKineticEnergy{WarmupHMC.MatrixFactorization{Float64, WarmupHMC.MatrixFactorization{Float64, WarmupHMC.SuccessiveReflections{Float64, Int64}, Diagonal{Float64, Vector{Float64}}}, WarmupHMC.MatrixFactorization{Float64, Diagonal{Float64, Vector{Float64}}, WarmupHMC.MatrixInverse{Float64, WarmupHMC.SuccessiveReflections{Float64, Int64}}}}, WarmupHMC.MatrixFactorization{Float64, WarmupHMC.SuccessiveReflections{Float64, Int64}, WarmupHMC.MatrixInverse{Float64, Diagonal{Float64, Vector{Float64}}}}}}, OnlineStatsBase.Group{Vector{OnlineStatsBase.Variance{Float64, Float64, OnlineStatsBase.EqualWeight}}, Union{NTuple{44, Number}, NamedTuple{names, R} where R<:NTuple{44, Number}, AbstractVector{<:Number}} where names}, OnlineStatsBase.Group{Vector{OnlineStatsBase.Variance{Float64, Float64, OnlineStatsBase.EqualWeight}}, Union{NTuple{44, Number}, NamedTuple{names, R} where R<:NTuple{44, Number}, AbstractVector{<:Number}} where names}, WarmupHMC.WeightedScaleAdaptation{Float64}, Vector{Float64}, DynamicHMC.EvaluatedLogDensity{Vector{Float64}, Float64}, DynamicHMC.DualAveragingState{Float64}, OnlineStatsBase.Mean{Float64, OnlineStatsBase.EqualWeight}})
    @ WarmupHMC ~/scratch/kb-agent-tmp/BayesianRegressionModels-docs-adaptive-centering/warmuphmc-online-state-fix/src/adaptive_warmup_mcmc.jl:552
 [11] (::WarmupHMC.var"#122#123"{Int64, Int64, Nothing, Int64, Float64, Int64, Missing, Bool, Bool, Nothing, Nothing, Nothing, Float64, Nothing, Nothing, Bool, var"#65#69"{SubString{String}, CountedDensity{StanLogDensityProblems.StanProblem{StanModel, true, @NamedTuple{}}}}, String, @NamedTuple{}, @Kwargs{}, Xoshiro, ReparametrizedProblem{IndexedReparametrization{Vector{Pair{Int64, Reparametrization{PartiallyCentered{Float64}, PartiallyCentered{Float64}, Tuple{BayesianRegressionModelsWarmupHMCExt.BRMHSGPAdaptiveCenteringArgument{:location}, BayesianRegressionModelsWarmupHMCExt.BRMHSGPAdaptiveCenteringArgument{:log_scale}}}}}}, CountedDensity{StanLogDensityProblems.StanProblem{StanModel, true, @NamedTuple{}}}, ADTypes.AutoEnzyme{EnzymeCore.ReverseMode{false, true, false, EnzymeCore.FFIABI, false, false}, EnzymeCore.Const}, CandidateScoringPlan{BayesianRegressionModelsWarmupHMCExt.var"#14#16"{BayesianRegressionModelsWarmupHMCExt.BRMHSGPAdaptiveCenteringState}, typeof(BayesianRegressionModelsWarmupHMCExt._score_candidate), BayesianRegressionModelsWarmupHMCExt.var"#15#17"{BayesianRegressionModelsWarmupHMCExt.BRMHSGPAdaptiveCenteringState}}}, Nothing})(progress::Nothing)
    @ WarmupHMC ~/scratch/kb-agent-tmp/BayesianRegressionModels-docs-adaptive-centering/warmuphmc-online-state-fix/src/adaptive_warmup_mcmc.jl:1529
 [12] with_progress(::WarmupHMC.var"#122#123"{Int64, Int64, Nothing, Int64, Float64, Int64, Missing, Bool, Bool, Nothing, Nothing, Nothing, Float64, Nothing, Nothing, Bool, var"#65#69"{SubString{String}, CountedDensity{StanLogDensityProblems.StanProblem{StanModel, true, @NamedTuple{}}}}, String, @NamedTuple{}, @Kwargs{}, Xoshiro, ReparametrizedProblem{IndexedReparametrization{Vector{Pair{Int64, Reparametrization{PartiallyCentered{Float64}, PartiallyCentered{Float64}, Tuple{BayesianRegressionModelsWarmupHMCExt.BRMHSGPAdaptiveCenteringArgument{:location}, BayesianRegressionModelsWarmupHMCExt.BRMHSGPAdaptiveCenteringArgument{:log_scale}}}}}}, CountedDensity{StanLogDensityProblems.StanProblem{StanModel, true, @NamedTuple{}}}, ADTypes.AutoEnzyme{EnzymeCore.ReverseMode{false, true, false, EnzymeCore.FFIABI, false, false}, EnzymeCore.Const}, CandidateScoringPlan{BayesianRegressionModelsWarmupHMCExt.var"#14#16"{BayesianRegressionModelsWarmupHMCExt.BRMHSGPAdaptiveCenteringState}, typeof(BayesianRegressionModelsWarmupHMCExt._score_candidate), BayesianRegressionModelsWarmupHMCExt.var"#15#17"{BayesianRegressionModelsWarmupHMCExt.BRMHSGPAdaptiveCenteringState}}}, Nothing}, ::Nothing, ::Vararg{Any}; kwargs::@Kwargs{description::String})
    @ Treebars ~/.local/state/kb-agents-worktrees/BayesianRegressionModels-docs-adaptive-centering/test/.bootstrap/treebars-c02aa16ab1b0/src/convenience.jl:9
 [13] #adaptive_warmup_mcmc#121
    @ ~/scratch/kb-agent-tmp/BayesianRegressionModels-docs-adaptive-centering/warmuphmc-online-state-fix/src/adaptive_warmup_mcmc.jl:1491 [inlined]
 [14] macro expansion
    @ ./timing.jl:503 [inlined]
 [15] main(ARM::SubString{String})
    @ Main ~/.local/state/kb-agents-worktrees/BayesianRegressionModels-docs-adaptive-centering/research/centering_refresh/run.jl:164
 [16] #invokelatest#2
    @ ./essentials.jl:892 [inlined]
 [17] invokelatest
    @ ./essentials.jl:889 [inlined]
 [18] top-level scope
    @ ~/.local/state/kb-agents-worktrees/BayesianRegressionModels-docs-adaptive-centering/research/centering_refresh/run.jl:212
in expression starting at /home/n/.local/state/kb-agents-worktrees/BayesianRegressionModels-docs-adaptive-centering/research/centering_refresh/run.jl:209
[kb-run-compact] exit=1 elapsed=317s log=/home/n/scratch/kb-agent-tmp/BayesianRegressionModels-docs-adaptive-centering/kb-run-compact.i1kdMT
