CAPSULE_PART_VERIFIED eight/cp 0 53d712c007d4666b8a3aba3720919772e8a9c6b7f2e0e66a118b26059eab64c4
CAPSULE_COMPLETE eight/cp 2366000 53d712c007d4666b8a3aba3720919772e8a9c6b7f2e0e66a118b26059eab64c4
CAPSULE_PART_VERIFIED eight/ncp 0 b031541112b06745fe626dd1bd1df87c0cc148effb7b085bc26f3fe5e601ee29
CAPSULE_COMPLETE eight/ncp 2489569 b031541112b06745fe626dd1bd1df87c0cc148effb7b085bc26f3fe5e601ee29
CAPSULE_PART_VERIFIED eight/online_gradient 0 ea00549d0f76ae78ffdd705cb38048b3da1b65a1de53dbfc29df542f94fcaf18
CAPSULE_COMPLETE eight/online_gradient 2526995 ea00549d0f76ae78ffdd705cb38048b3da1b65a1de53dbfc29df542f94fcaf18
CAPSULE_PART_VERIFIED eight/online_position 0 1d63d544be37332bc8776a7c0f58de273b09963882795362349a9f192de0aab2
CAPSULE_COMPLETE eight/online_position 2523155 1d63d544be37332bc8776a7c0f58de273b09963882795362349a9f192de0aab2
CAPSULE_PART_VERIFIED eight/posthoc_gradient 0 051d00da73683b45b2ac028e1629eede97c4bfc3576f86f17e31890ab0283949
CAPSULE_COMPLETE eight/posthoc_gradient 2531577 051d00da73683b45b2ac028e1629eede97c4bfc3576f86f17e31890ab0283949
CAPSULE_PART_VERIFIED eight/posthoc_position 0 02e2abceeffed4c5449d540489260a6e7817ea5c96925b2c481c48d9272ae533
CAPSULE_COMPLETE eight/posthoc_position 2518080 02e2abceeffed4c5449d540489260a6e7817ea5c96925b2c481c48d9272ae533
CAPSULE_PART_VERIFIED radon/cp 0 2433630cd09cefaa1da596b7f609cd449938db7911476fefcf972f0c11d1855a
CAPSULE_PART_VERIFIED radon/cp 1 3cc32dbcb0af95b8bc77b386b270441bc43f72cecbe216e80c07e119ddc584da
CAPSULE_PART_VERIFIED radon/cp 2 644950ee6e0961975648c4289f8e6fe4aeba403c078dfe74315e549e3653ab66
CAPSULE_PART_VERIFIED radon/cp 3 0707b38f9f4af5d5f81c4c310e36d95cc6230e7acd6825b220c3600b3b29aeb9
CAPSULE_PART_VERIFIED radon/cp 4 576b867ae412a579b72d59fd53549a8a71d3d7f9e89bb5afc6be6d29b4f1e001
CAPSULE_PART_VERIFIED radon/cp 5 71a9cc5c8059bbc94ae15e9d968d3c3e9fae31fa014f71fe6260c8195c00ac83
CAPSULE_PART_VERIFIED radon/cp 6 84c2da4bf2fcba35aa435e6f4ca457aba239e904426f8d902e4b4c6df83e5f40
CAPSULE_PART_VERIFIED radon/cp 7 d37d8ad028800ec31a718e2af27c4e277c34ee2185f6dbe9de780fedf2fd87e8
CAPSULE_PART_VERIFIED radon/cp 8 49de23b1f49c40c502a40921e95c377c61e88ca8d74336151148e23612061ba4
CAPSULE_PART_VERIFIED radon/cp 9 0600ac382085e372d11a5101036be2852aa197848f887c73ff68ff19b4b30fd8
CAPSULE_COMPLETE radon/cp 197023159 9e3a8ddf73bfc2463dee41b425b2cbe050b566262f54ff2d2a542b2f8c98f9c0
CAPSULE_PART_VERIFIED radon/ncp 0 119de210462c14baf3df58da0bb8f50a13a68e7a7a2f637258f2977b3c404283
CAPSULE_PART_VERIFIED radon/ncp 1 90f4fc5bf2d0938d8a85f8b1204c4d16faead9f458a54d7ef5a700e1acc2f7c7
CAPSULE_PART_VERIFIED radon/ncp 2 e53972556cb92c48570a63d7277af9f57115b384db242ff8d0d2d797a3abf1f4
CAPSULE_PART_VERIFIED radon/ncp 3 7c1fad67b4a213f4f9a2d48eabb786804ae4cecc616fc573517622b5aba5e97f
CAPSULE_PART_VERIFIED radon/ncp 4 bee0fc5dec04db53c8b15801ac858a06e84162cdd42441132ff645ee30539fae
CAPSULE_PART_VERIFIED radon/ncp 5 bb25cd475fdc6161e9c5b9e80370e1d1a471e0819bc2bbd3f90aeefb1b980a1d
CAPSULE_PART_VERIFIED radon/ncp 6 de16ed5468d866242bfe9c6c4f9b294f388cb1b88ebe6620a706e286a1c9d781
CAPSULE_PART_VERIFIED radon/ncp 7 4c0bcc275f7d3fae949fadc5fe417b4d652b95bc521909bad9a0b86fef2c9af1
CAPSULE_PART_VERIFIED radon/ncp 8 a810a669e22cbe2ce7cc0de5b6801273b8b7052dff002c35199b468c4935622d
CAPSULE_PART_VERIFIED radon/ncp 9 a37d9b0da41898f35363a08081f1941afe478eaa8828641cd5af037a0c82f02b
CAPSULE_COMPLETE radon/ncp 197053532 ac2de711834fcf6735becb0ff4ebc407272359944425d121d00d84b30fb233f4
CAPSULE_PART_VERIFIED radon/online_gradient 0 319c0e99e47c26c4fa9538f8a78dbc9d9527ccf6e43cf0c90e9523320518e905
CAPSULE_PART_VERIFIED radon/online_gradient 1 df889d95b861ec2ada4f1a9727f0159214cd87197f1999e539079080cfe366e4
CAPSULE_PART_VERIFIED radon/online_gradient 2 28d1ce25ee567137c2ef9be1791951b17ab520b9141e72b94c3bd03103870835
CAPSULE_PART_VERIFIED radon/online_gradient 3 ad7810d3fcf5641d7b1b23df2f0cec56f8e1decb832b0a6995b78d1ef1c87eb8
CAPSULE_PART_VERIFIED radon/online_gradient 4 002e5ebe90ab9562b1a1e5ea44f7cf9adaab550c40bc982141f7ac68ffa60941
CAPSULE_PART_VERIFIED radon/online_gradient 5 c41782bad0e5a29d498a90a4953bb662bb08c98cc4ae8cc93271dcfcf963ed6f
CAPSULE_PART_VERIFIED radon/online_gradient 6 8ad28345681e8ab88f879804d39e83f1dfbab443f194a03a3eeb79f48a0d9b23
CAPSULE_PART_VERIFIED radon/online_gradient 7 7a75c548c834c903f74b8160297171c988cb736c3072888f393baa530ac77d91
CAPSULE_PART_VERIFIED radon/online_gradient 8 c761a11d6d0080ace5c50b645b9eb3bdfb486594936aeabb4b47dc6e577cb413
CAPSULE_PART_VERIFIED radon/online_gradient 9 3d713c9c305fc4643dc2b5e6898ae6674ba2cd56910bc0b09bfc89d0081f2a93
CAPSULE_COMPLETE radon/online_gradient 197466854 36b17c629ad37d9f38c0ef246098d7dd8edc72dfa9984fb251822be04c206bdc
CAPSULE_PART_VERIFIED radon/online_position 0 3b157f881a68784d456bc1183b2e01719563546206f5cd96006eddfad2736ab4
CAPSULE_PART_VERIFIED radon/online_position 1 20a00217a3ad149026d09b9d099c603457f7910a3acb740cc4d7b660628c66f2
CAPSULE_PART_VERIFIED radon/online_position 2 7e1a66cc384ede8a2a2c119eaa9a95065779a25c7eefd2b9600f1428cfb0c9b4
CAPSULE_PART_VERIFIED radon/online_position 3 acb5f43cedb5ba4f675fcf2b3c64b2ded88c394ecbe64da1c42ce810c0092312
CAPSULE_PART_VERIFIED radon/online_position 4 ed856a34f18770233d670c18fe55de654cb83cb9b497b580aaff63034a5d3e1e
CAPSULE_PART_VERIFIED radon/online_position 5 5e3b5cf2e04852d1f0d9d889caaf6de74886f041981a43c5f2199f1522c11db7
CAPSULE_PART_VERIFIED radon/online_position 6 05ab5176ad2a7a6ca5d86b6796b373ceef7c9537ac20825c358229af4b9438a4
CAPSULE_PART_VERIFIED radon/online_position 7 0280a17db809c93b4aed27655a9dbc91cec64f99b87d213d37bf408351e36eed
CAPSULE_PART_VERIFIED radon/online_position 8 7444c7d6f7656189ec3204489102fc55bbc78eb0b5e4f7e8107a324b38c7fbd5
CAPSULE_PART_VERIFIED radon/online_position 9 218c7d203630c0798c4da0c7112755b9b64fa9a1efc710fef8602a766893f629
CAPSULE_COMPLETE radon/online_position 197443542 3ee366d0a5db4e198ab2d9ee7325acbc05fa57af13c47dd3832e0505d37c2fc0
CAPSULE_PART_VERIFIED radon/posthoc_gradient 0 2b22fc03f3f0cb022645960f432712cb9eb8adcd268ff198d4ebacc4b8567107
CAPSULE_PART_VERIFIED radon/posthoc_gradient 1 20eb77adb4ad975461cc1af63959ddfff2fe972afc4f05905e1c68cb947ef0b7
CAPSULE_PART_VERIFIED radon/posthoc_gradient 2 714f6dfd59377521a0f8c473b372a6114d845fdadc44f2b6f17285970b9033a0
CAPSULE_PART_VERIFIED radon/posthoc_gradient 3 f258dbfd3884ddb53f44d2f3c9c591073ecc9d070ff7aa0f841b5d992e143217
CAPSULE_PART_VERIFIED radon/posthoc_gradient 4 728276f2d51795ca908be337442edfd669a644edc52c897ae95be1d2e9b708e1
CAPSULE_PART_VERIFIED radon/posthoc_gradient 5 949af11d3bf298fdd2c43995b62ab1c906453738d78ba9de14f82be69f174f87
CAPSULE_PART_VERIFIED radon/posthoc_gradient 6 b6750552d216b71f9254aa32807e8ed51c885baa58fe70c8f488ba6721d8d819
CAPSULE_PART_VERIFIED radon/posthoc_gradient 7 c3f48feb219aed0533af0b77f4c4baab25ca3c73e647ffd8200fca744f9e4eab
CAPSULE_PART_VERIFIED radon/posthoc_gradient 8 7cd8e0ce7349d58fb0e574f3a727166a4838988f0350dc0974e02e54a429724f
CAPSULE_PART_VERIFIED radon/posthoc_gradient 9 6304f447096595907161d7c8cf9225618b515b1f10aa760232c1fdf0967bac06
CAPSULE_COMPLETE radon/posthoc_gradient 198319593 a874d0c952e44cc53aea1826db4c6d0b04a9a5662bea500dd5a79f074419d8e4
CAPSULE_PART_VERIFIED radon/posthoc_position 0 f2e6e2660073e1a7671feae46025386c22895ebffd48aa4ba8b5d2bdb10337aa
CAPSULE_PART_VERIFIED radon/posthoc_position 1 3d3ab00a3f795ed6c89bdc41cae409ff1bb99a5a10c2449272f492499566d84f
CAPSULE_PART_VERIFIED radon/posthoc_position 2 ad61ed2bb72c5fece8af339035e16b9bed97b834e2abca2788f961a514714c52
CAPSULE_PART_VERIFIED radon/posthoc_position 3 63854cc98b2ede271cd9521b07a28347c7739ce8620f8a5596128bb262424c38
CAPSULE_PART_VERIFIED radon/posthoc_position 4 8abd3b00fe2bb637c04979df1c693ca51134512a316e765ba3180beb755ff9e9
CAPSULE_PART_VERIFIED radon/posthoc_position 5 dd88d0440eed21a62522f8a4d54af49fc7e35847418e6decdb0bc9052d636b33
CAPSULE_PART_VERIFIED radon/posthoc_position 6 1d27b5783589c798f78716ca97b298f3ae8687b528e976318edca24a33d0c779
CAPSULE_PART_VERIFIED radon/posthoc_position 7 ed58d96d36707bde83e5172ffa35dbc6f60ede94a11be1ceeba77746b8302a53
CAPSULE_PART_VERIFIED radon/posthoc_position 8 f933163b5b4b4db059f940ae9c5ba127afc5122bf9faea04e5ae5c7674800170
CAPSULE_PART_VERIFIED radon/posthoc_position 9 ae27bed805d076da5eb0900c85d17fefada3e53913bb3835a4a90b51ca272fe8
CAPSULE_COMPLETE radon/posthoc_position 198041552 eda165e526c48d4efab7ff4a2d62b77d0b4af0aa01fa101d35cd80a7a8864ac1
CAPSULE_PART_VERIFIED hsgp/cp 0 0820a87cd0dc041d03dbcac87b6abe075b4f7153d844091b7d190f5f91b78bee
CAPSULE_COMPLETE hsgp/cp 12354838 0820a87cd0dc041d03dbcac87b6abe075b4f7153d844091b7d190f5f91b78bee
CAPSULE_PART_VERIFIED hsgp/ncp 0 25ba3d745f7fc6b54ffedcfa16974589fd0d9a0cff69b65418158db4e0af81c3
CAPSULE_COMPLETE hsgp/ncp 13452484 25ba3d745f7fc6b54ffedcfa16974589fd0d9a0cff69b65418158db4e0af81c3
CAPSULE_PART_VERIFIED hsgp/online_gradient 0 d16e511e2e1b2af05acc8a5b77d0107e9d6d06f25bb8c4e377ee7df33918184e
CAPSULE_COMPLETE hsgp/online_gradient 213542 d16e511e2e1b2af05acc8a5b77d0107e9d6d06f25bb8c4e377ee7df33918184e
CAPSULE_PART_VERIFIED hsgp/online_position 0 a316c0e2731995af7af39d4fba498a108f1e65f1e04565273a5473a8050268fa
CAPSULE_COMPLETE hsgp/online_position 10985441 a316c0e2731995af7af39d4fba498a108f1e65f1e04565273a5473a8050268fa
CAPSULE_PART_VERIFIED hsgp/posthoc_gradient 0 eff8990e926b645badc65bdb6761e3c310ec364d0f9dbdf488afccc47c2236f5
CAPSULE_COMPLETE hsgp/posthoc_gradient 10994334 eff8990e926b645badc65bdb6761e3c310ec364d0f9dbdf488afccc47c2236f5
CAPSULE_PART_VERIFIED hsgp/posthoc_position 0 37c4b10c6e69b5b89d52cb78afb409b1c4e438aba62f4304cabbcde0ee6248c9
CAPSULE_COMPLETE hsgp/posthoc_position 10970438 37c4b10c6e69b5b89d52cb78afb409b1c4e438aba62f4304cabbcde0ee6248c9
RAW_FITS_ARCHIVED 18
[kb-run-compact] exit=0 elapsed=771s log=/home/n/scratch/kb-agent-tmp/BayesianRegressionModels-docs-adaptive-centering/kb-run-compact.5g5hY0
